// Jest Snapshot v1, https://goo.gl/fbAQLP

exports[`App is running 1`] = `
<div>
  Welcome to 
  foo
</div>
`;
